ts-jest[ts-jest-transformer] (WARN) Define `ts-jest` config under `globals` is deprecated. Please do
transform: {
    <transform_regex>: ['ts-jest', { /* ts-jest config goes here in Jest */ }],
},
See more at https://kulshekhar.github.io/ts-jest/docs/getting-started/presets#advanced

Test Suites: 3 passed, 3 total
Tests:       16 passed, 16 total
Snapshots:   0 total
Time:        0.441 s, estimated 1 s
Ran all test suites.
