[      81ms] [INFO] %cDownload the React DevTools for a better development experience: https://react.dev/link/react-devtools font-weight:bold @ http://localhost:3000/_next/static/chunks/node_modules_next_dist_115brz8._.js:2431
[      95ms] [LOG] [HMR] connected @ http://localhost:3000/_next/static/chunks/node_modules_next_dist_115brz8._.js:2431
[     119ms] [WARNING] Error while trying to use the following icon from the Manifest: http://localhost:3000/icon-192.png (Resource size is not correct - typo in the Manifest?) @ http://localhost:3000/history/8702da99-27e1-4142-b6ec-2a187b5e5055:0
[  643164ms] [LOG] [Fast Refresh] rebuilding @ http://localhost:3000/_next/static/chunks/node_modules_next_dist_115brz8._.js:2431
[  643230ms] [LOG] [Fast Refresh] done in 94ms @ http://localhost:3000/_next/static/chunks/node_modules_next_dist_115brz8._.js:2431
[  643452ms] [LOG] [Fast Refresh] rebuilding @ http://localhost:3000/_next/static/chunks/node_modules_next_dist_115brz8._.js:2431
[  643491ms] [LOG] [Fast Refresh] done in 144ms @ http://localhost:3000/_next/static/chunks/node_modules_next_dist_115brz8._.js:2431
[  643682ms] [WARNING] Error while trying to use the following icon from the Manifest: http://localhost:3000/icon-192.png (Resource size is not correct - typo in the Manifest?) @ http://localhost:3000/history/8702da99-27e1-4142-b6ec-2a187b5e5055:0
[  650692ms] [LOG] [Fast Refresh] rebuilding @ http://localhost:3000/_next/static/chunks/node_modules_next_dist_115brz8._.js:2431
[  650737ms] [LOG] [Fast Refresh] done in 89ms @ http://localhost:3000/_next/static/chunks/node_modules_next_dist_115brz8._.js:2431
[  650941ms] [LOG] [Fast Refresh] rebuilding @ http://localhost:3000/_next/static/chunks/node_modules_next_dist_115brz8._.js:2431
[  650964ms] [LOG] [Fast Refresh] done in 125ms @ http://localhost:3000/_next/static/chunks/node_modules_next_dist_115brz8._.js:2431
[  651058ms] [WARNING] Error while trying to use the following icon from the Manifest: http://localhost:3000/icon-192.png (Resource size is not correct - typo in the Manifest?) @ http://localhost:3000/history/8702da99-27e1-4142-b6ec-2a187b5e5055:0
[  684141ms] [LOG] [Fast Refresh] rebuilding @ http://localhost:3000/_next/static/chunks/node_modules_next_dist_115brz8._.js:2431
[  684148ms] [LOG] [Fast Refresh] done in 62ms @ http://localhost:3000/_next/static/chunks/node_modules_next_dist_115brz8._.js:2431
[  684310ms] [WARNING] Error while trying to use the following icon from the Manifest: http://localhost:3000/icon-192.png (Resource size is not correct - typo in the Manifest?) @ http://localhost:3000/history/8702da99-27e1-4142-b6ec-2a187b5e5055:0
[  689128ms] [LOG] [Fast Refresh] rebuilding @ http://localhost:3000/_next/static/chunks/node_modules_next_dist_115brz8._.js:2431
[  689258ms] [LOG] [Fast Refresh] done in 52ms @ http://localhost:3000/_next/static/chunks/node_modules_next_dist_115brz8._.js:2431
[  689282ms] [WARNING] Error while trying to use the following icon from the Manifest: http://localhost:3000/icon-192.png (Resource size is not correct - typo in the Manifest?) @ http://localhost:3000/history/8702da99-27e1-4142-b6ec-2a187b5e5055:0
[  693276ms] [LOG] [Fast Refresh] rebuilding @ http://localhost:3000/_next/static/chunks/node_modules_next_dist_115brz8._.js:2431
[  693381ms] [LOG] [Fast Refresh] done in 56ms @ http://localhost:3000/_next/static/chunks/node_modules_next_dist_115brz8._.js:2431
[  693441ms] [WARNING] Error while trying to use the following icon from the Manifest: http://localhost:3000/icon-192.png (Resource size is not correct - typo in the Manifest?) @ http://localhost:3000/history/8702da99-27e1-4142-b6ec-2a187b5e5055:0
[  696025ms] [LOG] [Fast Refresh] rebuilding @ http://localhost:3000/_next/static/chunks/node_modules_next_dist_115brz8._.js:2431
[  696115ms] [LOG] [Fast Refresh] done in 30ms @ http://localhost:3000/_next/static/chunks/node_modules_next_dist_115brz8._.js:2431
[  696169ms] [WARNING] Error while trying to use the following icon from the Manifest: http://localhost:3000/icon-192.png (Resource size is not correct - typo in the Manifest?) @ http://localhost:3000/history/8702da99-27e1-4142-b6ec-2a187b5e5055:0
[  699685ms] [LOG] [Fast Refresh] rebuilding @ http://localhost:3000/_next/static/chunks/node_modules_next_dist_115brz8._.js:2431
[  699777ms] [LOG] [Fast Refresh] done in 50ms @ http://localhost:3000/_next/static/chunks/node_modules_next_dist_115brz8._.js:2431
[  699844ms] [WARNING] Error while trying to use the following icon from the Manifest: http://localhost:3000/icon-192.png (Resource size is not correct - typo in the Manifest?) @ http://localhost:3000/history/8702da99-27e1-4142-b6ec-2a187b5e5055:0
[  714879ms] [LOG] [Fast Refresh] rebuilding @ http://localhost:3000/_next/static/chunks/node_modules_next_dist_115brz8._.js:2431
[  714929ms] [LOG] [Fast Refresh] done in 105ms @ http://localhost:3000/_next/static/chunks/node_modules_next_dist_115brz8._.js:2431
[  715134ms] [LOG] [Fast Refresh] rebuilding @ http://localhost:3000/_next/static/chunks/node_modules_next_dist_115brz8._.js:2431
[  715166ms] [LOG] [Fast Refresh] done in 142ms @ http://localhost:3000/_next/static/chunks/node_modules_next_dist_115brz8._.js:2431
[  715278ms] [WARNING] Error while trying to use the following icon from the Manifest: http://localhost:3000/icon-192.png (Resource size is not correct - typo in the Manifest?) @ http://localhost:3000/history/8702da99-27e1-4142-b6ec-2a187b5e5055:0
[  719424ms] [LOG] [Fast Refresh] rebuilding @ http://localhost:3000/_next/static/chunks/node_modules_next_dist_115brz8._.js:2431
[  719511ms] [LOG] [Fast Refresh] done in 25ms @ http://localhost:3000/_next/static/chunks/node_modules_next_dist_115brz8._.js:2431
[  719581ms] [WARNING] Error while trying to use the following icon from the Manifest: http://localhost:3000/icon-192.png (Resource size is not correct - typo in the Manifest?) @ http://localhost:3000/history/8702da99-27e1-4142-b6ec-2a187b5e5055:0
[  727183ms] [LOG] [Fast Refresh] rebuilding @ http://localhost:3000/_next/static/chunks/node_modules_next_dist_115brz8._.js:2431
[  727296ms] [LOG] [Fast Refresh] done in 46ms @ http://localhost:3000/_next/static/chunks/node_modules_next_dist_115brz8._.js:2431
[  727319ms] [WARNING] Error while trying to use the following icon from the Manifest: http://localhost:3000/icon-192.png (Resource size is not correct - typo in the Manifest?) @ http://localhost:3000/history/8702da99-27e1-4142-b6ec-2a187b5e5055:0
[  734277ms] [LOG] [Fast Refresh] rebuilding @ http://localhost:3000/_next/static/chunks/node_modules_next_dist_115brz8._.js:2431
[  734334ms] [LOG] [Fast Refresh] done in 117ms @ http://localhost:3000/_next/static/chunks/node_modules_next_dist_115brz8._.js:2431
[  734501ms] [LOG] [Fast Refresh] rebuilding @ http://localhost:3000/_next/static/chunks/node_modules_next_dist_115brz8._.js:2431
[  734528ms] [LOG] [Fast Refresh] done in 130ms @ http://localhost:3000/_next/static/chunks/node_modules_next_dist_115brz8._.js:2431
[  734639ms] [WARNING] Error while trying to use the following icon from the Manifest: http://localhost:3000/icon-192.png (Resource size is not correct - typo in the Manifest?) @ http://localhost:3000/history/8702da99-27e1-4142-b6ec-2a187b5e5055:0
